../Core/Src/main.cpp:69:6:void writeSegmentNumber(int)	16	static
../Core/Src/main.cpp:149:5:int main()	24	static
../Core/Src/main.cpp:213:6:void SystemClock_Config()	112	static
../Core/Src/main.cpp:261:13:void MX_I2C1_Init()	8	static
../Core/Src/main.cpp:309:13:void MX_TIM1_Init()	96	static
../Core/Src/main.cpp:384:13:void MX_TIM15_Init()	32	static
../Core/Src/main.cpp:430:13:void MX_USB_PCD_Init()	8	static
../Core/Src/main.cpp:460:13:void MX_DMA_Init()	16	static
../Core/Src/main.cpp:478:13:void MX_GPIO_Init()	48	static
../Core/Src/main.cpp:535:6:void Error_Handler()	8	static,ignoring_inline_asm
